[debug] [2026-04-13T03:38:27.666Z] ----------------------------------------------------------------------
[debug] [2026-04-13T03:38:27.668Z] Command:       C:\Program Files\nodejs\node.exe C:\Users\yuna lee\AppData\Roaming\npm\node_modules\firebase-tools\lib\bin\firebase.js deploy --only functions
[debug] [2026-04-13T03:38:27.668Z] CLI Version:   15.13.0
[debug] [2026-04-13T03:38:27.668Z] Platform:      win32
[debug] [2026-04-13T03:38:27.668Z] Node Version:  v24.14.0
[debug] [2026-04-13T03:38:27.668Z] Time:          Mon Apr 13 2026 12:38:27 GMT+0900 (한국 표준시)
[debug] [2026-04-13T03:38:27.669Z] ----------------------------------------------------------------------
[debug] 
[debug] [2026-04-13T03:38:28.975Z] > command requires scopes: ["email","openid","https://www.googleapis.com/auth/cloudplatformprojects.readonly","https://www.googleapis.com/auth/firebase","https://www.googleapis.com/auth/cloud-platform"]
[debug] [2026-04-13T03:38:28.976Z] > authorizing via signed-in user (yunalee2490@gmail.com)
[debug] [2026-04-13T03:38:28.976Z] [iam] checking project do-or-pay-ac3a9 for permissions ["cloudfunctions.functions.create","cloudfunctions.functions.delete","cloudfunctions.functions.get","cloudfunctions.functions.list","cloudfunctions.functions.update","cloudfunctions.operations.get","firebase.projects.get"]
[debug] [2026-04-13T03:38:28.976Z] Checked if tokens are valid: true, expires at: 1776054939450
[debug] [2026-04-13T03:38:28.976Z] Checked if tokens are valid: true, expires at: 1776054939450
[debug] [2026-04-13T03:38:28.977Z] >>> [apiv2][query] POST https://cloudresourcemanager.googleapis.com/v1/projects/do-or-pay-ac3a9:testIamPermissions [none]
[debug] [2026-04-13T03:38:28.977Z] >>> [apiv2][(partial)header] POST https://cloudresourcemanager.googleapis.com/v1/projects/do-or-pay-ac3a9:testIamPermissions  x-goog-user-project=do-or-pay-ac3a9
[debug] [2026-04-13T03:38:28.977Z] >>> [apiv2][body] POST https://cloudresourcemanager.googleapis.com/v1/projects/do-or-pay-ac3a9:testIamPermissions {"permissions":["cloudfunctions.functions.create","cloudfunctions.functions.delete","cloudfunctions.functions.get","cloudfunctions.functions.list","cloudfunctions.functions.update","cloudfunctions.operations.get","firebase.projects.get"]}
[debug] [2026-04-13T03:38:29.380Z] <<< [apiv2][status] POST https://cloudresourcemanager.googleapis.com/v1/projects/do-or-pay-ac3a9:testIamPermissions 200
[debug] [2026-04-13T03:38:29.380Z] <<< [apiv2][body] POST https://cloudresourcemanager.googleapis.com/v1/projects/do-or-pay-ac3a9:testIamPermissions {"permissions":["cloudfunctions.functions.create","cloudfunctions.functions.delete","cloudfunctions.functions.get","cloudfunctions.functions.list","cloudfunctions.functions.update","cloudfunctions.operations.get","firebase.projects.get"]}
[debug] [2026-04-13T03:38:29.383Z] Checked if tokens are valid: true, expires at: 1776054939450
[debug] [2026-04-13T03:38:29.383Z] Checked if tokens are valid: true, expires at: 1776054939450
[debug] [2026-04-13T03:38:29.384Z] >>> [apiv2][query] POST https://iam.googleapis.com/v1/projects/do-or-pay-ac3a9/serviceAccounts/do-or-pay-ac3a9@appspot.gserviceaccount.com:testIamPermissions [none]
[debug] [2026-04-13T03:38:29.384Z] >>> [apiv2][body] POST https://iam.googleapis.com/v1/projects/do-or-pay-ac3a9/serviceAccounts/do-or-pay-ac3a9@appspot.gserviceaccount.com:testIamPermissions {"permissions":["iam.serviceAccounts.actAs"]}
[debug] [2026-04-13T03:38:30.992Z] <<< [apiv2][status] POST https://iam.googleapis.com/v1/projects/do-or-pay-ac3a9/serviceAccounts/do-or-pay-ac3a9@appspot.gserviceaccount.com:testIamPermissions 200
[debug] [2026-04-13T03:38:30.993Z] <<< [apiv2][body] POST https://iam.googleapis.com/v1/projects/do-or-pay-ac3a9/serviceAccounts/do-or-pay-ac3a9@appspot.gserviceaccount.com:testIamPermissions {"permissions":["iam.serviceAccounts.actAs"]}
[info] 
[info] === Deploying to 'do-or-pay-ac3a9'...
[info] 
[info] i  deploying functions 
[debug] [2026-04-13T03:38:31.011Z] Checked if tokens are valid: true, expires at: 1776054939450
[debug] [2026-04-13T03:38:31.011Z] Checked if tokens are valid: true, expires at: 1776054939450
[debug] [2026-04-13T03:38:31.011Z] >>> [apiv2][query] GET https://cloudresourcemanager.googleapis.com/v1/projects/do-or-pay-ac3a9 [none]
[debug] [2026-04-13T03:38:31.237Z] <<< [apiv2][status] GET https://cloudresourcemanager.googleapis.com/v1/projects/do-or-pay-ac3a9 200
[debug] [2026-04-13T03:38:31.238Z] <<< [apiv2][body] GET https://cloudresourcemanager.googleapis.com/v1/projects/do-or-pay-ac3a9 {"projectNumber":"856128983927","projectId":"do-or-pay-ac3a9","lifecycleState":"ACTIVE","name":"Do Or Pay","labels":{"firebase":"enabled","firebase-core":"disabled"},"createTime":"2026-03-16T06:19:37.721495Z"}
[info] i  functions: preparing codebase default for deployment 
[info] i  functions: ensuring required API cloudfunctions.googleapis.com is enabled... 
[info] i  functions: ensuring required API cloudbuild.googleapis.com is enabled... 
[info] i  artifactregistry: ensuring required API artifactregistry.googleapis.com is enabled... 
[debug] [2026-04-13T03:38:31.247Z] Checked if tokens are valid: true, expires at: 1776054939450
[debug] [2026-04-13T03:38:31.247Z] Checked if tokens are valid: true, expires at: 1776054939450
[debug] [2026-04-13T03:38:31.247Z] >>> [apiv2][query] GET https://firebase.googleapis.com/v1beta1/projects/do-or-pay-ac3a9/adminSdkConfig [none]
[debug] [2026-04-13T03:38:32.591Z] <<< [apiv2][status] GET https://firebase.googleapis.com/v1beta1/projects/do-or-pay-ac3a9/adminSdkConfig 200
[debug] [2026-04-13T03:38:32.592Z] <<< [apiv2][body] GET https://firebase.googleapis.com/v1beta1/projects/do-or-pay-ac3a9/adminSdkConfig {"projectId":"do-or-pay-ac3a9","storageBucket":"do-or-pay-ac3a9.firebasestorage.app"}
[debug] [2026-04-13T03:38:32.597Z] Validating nodejs source
[warn] !  functions: Runtime Node.js 20 will be deprecated on 2026-04-30 and will be decommissioned on 2026-10-30, after which you will not be able to deploy without upgrading. Consider upgrading now to avoid disruption. See https://cloud.google.com/functions/docs/runtime-support for full details on the lifecycle policy 
[debug] [2026-04-13T03:38:33.512Z] > [functions] package.json contents: {
  "name": "functions",
  "description": "Cloud Functions for Firebase",
  "scripts": {
    "serve": "firebase emulators:start --only functions",
    "shell": "firebase functions:shell",
    "start": "npm run shell",
    "deploy": "firebase deploy --only functions",
    "logs": "firebase functions:log"
  },
  "engines": {
    "node": "20"
  },
  "main": "index.js",
  "dependencies": {
    "firebase-admin": "^13.8.0",
    "firebase-functions": "^7.2.5"
  },
  "devDependencies": {
    "firebase-functions-test": "^3.4.1"
  },
  "private": true
}
[debug] [2026-04-13T03:38:33.512Z] Building nodejs source
[info] i  functions: Loading and analyzing source code for codebase default to determine what to deploy 
[debug] [2026-04-13T03:38:33.514Z] Could not find functions.yaml. Must use http discovery
[debug] [2026-04-13T03:38:33.523Z] Found firebase-functions binary at 'C:\DoOrPay\functions\node_modules\.bin\firebase-functions'
[info] Serving at port 8170

[debug] [2026-04-13T03:38:34.104Z] Got response from /__/functions.yaml {"endpoints":{"checkDuplicate":{"platform":"gcfv1","labels":{},"availableMemoryMb":null,"timeoutSeconds":null,"minInstances":null,"maxInstances":null,"ingressSettings":null,"serviceAccountEmail":null,"vpc":null,"region":["asia-northeast3"],"callableTrigger":{},"entryPoint":"checkDuplicate"}},"specVersion":"v1alpha1","requiredAPIs":[],"extensions":{}}
[info] i  extensions: ensuring required API firebaseextensions.googleapis.com is enabled... 
[debug] [2026-04-13T03:38:38.194Z] > command requires scopes: ["email","openid","https://www.googleapis.com/auth/cloudplatformprojects.readonly","https://www.googleapis.com/auth/firebase","https://www.googleapis.com/auth/cloud-platform"]
[debug] [2026-04-13T03:38:38.195Z] > authorizing via signed-in user (yunalee2490@gmail.com)
[debug] [2026-04-13T03:38:38.195Z] [iam] checking project do-or-pay-ac3a9 for permissions ["firebase.projects.get","firebaseextensions.instances.list"]
[debug] [2026-04-13T03:38:38.195Z] Checked if tokens are valid: true, expires at: 1776054939450
[debug] [2026-04-13T03:38:38.195Z] Checked if tokens are valid: true, expires at: 1776054939450
[debug] [2026-04-13T03:38:38.196Z] >>> [apiv2][query] POST https://cloudresourcemanager.googleapis.com/v1/projects/do-or-pay-ac3a9:testIamPermissions [none]
[debug] [2026-04-13T03:38:38.196Z] >>> [apiv2][(partial)header] POST https://cloudresourcemanager.googleapis.com/v1/projects/do-or-pay-ac3a9:testIamPermissions  x-goog-user-project=do-or-pay-ac3a9
[debug] [2026-04-13T03:38:38.196Z] >>> [apiv2][body] POST https://cloudresourcemanager.googleapis.com/v1/projects/do-or-pay-ac3a9:testIamPermissions {"permissions":["firebase.projects.get","firebaseextensions.instances.list"]}
[debug] [2026-04-13T03:38:38.464Z] <<< [apiv2][status] POST https://cloudresourcemanager.googleapis.com/v1/projects/do-or-pay-ac3a9:testIamPermissions 200
[debug] [2026-04-13T03:38:38.465Z] <<< [apiv2][body] POST https://cloudresourcemanager.googleapis.com/v1/projects/do-or-pay-ac3a9:testIamPermissions {"permissions":["firebase.projects.get","firebaseextensions.instances.list"]}
[debug] [2026-04-13T03:38:38.466Z] Checked if tokens are valid: true, expires at: 1776054939450
[debug] [2026-04-13T03:38:38.467Z] Checked if tokens are valid: true, expires at: 1776054939450
[debug] [2026-04-13T03:38:38.467Z] >>> [apiv2][query] GET https://firebaseextensions.googleapis.com/v1beta/projects/do-or-pay-ac3a9/instances pageSize=100&pageToken=
[debug] [2026-04-13T03:38:39.888Z] <<< [apiv2][status] GET https://firebaseextensions.googleapis.com/v1beta/projects/do-or-pay-ac3a9/instances 200
[debug] [2026-04-13T03:38:39.888Z] <<< [apiv2][body] GET https://firebaseextensions.googleapis.com/v1beta/projects/do-or-pay-ac3a9/instances {}
[info] i  functions: preparing functions directory for uploading... 
[info] i  functions: packaged C:\DoOrPay\functions (71.35 KB) for uploading 
[debug] [2026-04-13T03:38:40.022Z] Checked if tokens are valid: true, expires at: 1776054939450
[debug] [2026-04-13T03:38:40.022Z] Checked if tokens are valid: true, expires at: 1776054939450
[debug] [2026-04-13T03:38:40.022Z] >>> [apiv2][query] GET https://cloudfunctions.googleapis.com/v1/projects/do-or-pay-ac3a9/locations/-/functions [none]
[debug] [2026-04-13T03:38:40.958Z] <<< [apiv2][status] GET https://cloudfunctions.googleapis.com/v1/projects/do-or-pay-ac3a9/locations/-/functions 200
[debug] [2026-04-13T03:38:40.959Z] <<< [apiv2][body] GET https://cloudfunctions.googleapis.com/v1/projects/do-or-pay-ac3a9/locations/-/functions {"functions":[{"name":"projects/do-or-pay-ac3a9/locations/asia-northeast3/functions/createGoal","httpsTrigger":{"url":"https://asia-northeast3-do-or-pay-ac3a9.cloudfunctions.net/createGoal","securityLevel":"SECURE_ALWAYS"},"status":"ACTIVE","entryPoint":"createGoal","timeout":"60s","availableMemoryMb":256,"serviceAccountEmail":"do-or-pay-ac3a9@appspot.gserviceaccount.com","updateTime":"2026-04-06T07:39:18.018326529Z","versionId":"1","labels":{"deployment-tool":"cli-firebase","firebase-functions-hash":"666d9399aa7ddbf633049627724c4635d237a202"},"sourceUploadUrl":"https://storage.googleapis.com/uploads-423063652390.us-central1.cloudfunctions.appspot.com/78059721-db84-47bc-8fe3-242b52ab877e.zip","environmentVariables":{"FIREBASE_CONFIG":"{\"projectId\":\"do-or-pay-ac3a9\",\"storageBucket\":\"do-or-pay-ac3a9.firebasestorage.app\"}","GCLOUD_PROJECT":"do-or-pay-ac3a9","EVENTARC_CLOUD_EVENT_SOURCE":"projects/do-or-pay-ac3a9/locations/asia-northeast3/functions/createGoal"},"runtime":"nodejs20","ingressSettings":"ALLOW_ALL","buildId":"3555b1d8-e875-435d-879c-2a62f2c3742c","buildEnvironmentVariables":{"GOOGLE_NODE_RUN_SCRIPTS":""},"buildName":"projects/856128983927/locations/asia-northeast3/builds/3555b1d8-e875-435d-879c-2a62f2c3742c","dockerRegistry":"ARTIFACT_REGISTRY","automaticUpdatePolicy":{},"buildServiceAccount":"projects/do-or-pay-ac3a9/serviceAccounts/856128983927-compute@developer.gserviceaccount.com","satisfiesPzs":true,"satisfiesPzi":true},{"name":"projects/do-or-pay-ac3a9/locations/asia-northeast3/functions/updateUserProfile","httpsTrigger":{"url":"https://asia-northeast3-do-or-pay-ac3a9.cloudfunctions.net/updateUserProfile","securityLevel":"SECURE_ALWAYS"},"status":"ACTIVE","entryPoint":"updateUserProfile","timeout":"60s","availableMemoryMb":256,"serviceAccountEmail":"do-or-pay-ac3a9@appspot.gserviceaccount.com","updateTime":"2026-04-06T07:39:18.048425637Z","versionId":"1","labels":{"deployment-tool":"cli-firebase","firebase-functions-hash":"666d9399aa7ddbf633049627724c4635d237a202"},"sourceUploadUrl":"https://storage.googleapis.com/uploads-423063652390.us-central1.cloudfunctions.appspot.com/78059721-db84-47bc-8fe3-242b52ab877e.zip","environmentVariables":{"FIREBASE_CONFIG":"{\"projectId\":\"do-or-pay-ac3a9\",\"storageBucket\":\"do-or-pay-ac3a9.firebasestorage.app\"}","GCLOUD_PROJECT":"do-or-pay-ac3a9","EVENTARC_CLOUD_EVENT_SOURCE":"projects/do-or-pay-ac3a9/locations/asia-northeast3/functions/updateUserProfile"},"runtime":"nodejs20","ingressSettings":"ALLOW_ALL","buildId":"3555b1d8-e875-435d-879c-2a62f2c3742c","buildEnvironmentVariables":{"GOOGLE_NODE_RUN_SCRIPTS":""},"buildName":"projects/856128983927/locations/asia-northeast3/builds/3555b1d8-e875-435d-879c-2a62f2c3742c","dockerRegistry":"ARTIFACT_REGISTRY","automaticUpdatePolicy":{},"buildServiceAccount":"projects/do-or-pay-ac3a9/serviceAccounts/856128983927-compute@developer.gserviceaccount.com","satisfiesPzs":true,"satisfiesPzi":true},{"name":"projects/do-or-pay-ac3a9/locations/asia-northeast3/functions/onUserCreated","eventTrigger":{"eventType":"providers/firebase.auth/eventTypes/user.create","resource":"projects/do-or-pay-ac3a9","service":"firebaseauth.googleapis.com","failurePolicy":{}},"status":"ACTIVE","entryPoint":"onUserCreated","timeout":"60s","availableMemoryMb":256,"serviceAccountEmail":"do-or-pay-ac3a9@appspot.gserviceaccount.com","updateTime":"2026-04-06T07:39:36.708006212Z","versionId":"1","labels":{"deployment-tool":"cli-firebase","firebase-functions-hash":"666d9399aa7ddbf633049627724c4635d237a202"},"sourceUploadUrl":"https://storage.googleapis.com/uploads-423063652390.us-central1.cloudfunctions.appspot.com/78059721-db84-47bc-8fe3-242b52ab877e.zip","environmentVariables":{"FIREBASE_CONFIG":"{\"projectId\":\"do-or-pay-ac3a9\",\"storageBucket\":\"do-or-pay-ac3a9.firebasestorage.app\"}","GCLOUD_PROJECT":"do-or-pay-ac3a9","EVENTARC_CLOUD_EVENT_SOURCE":"projects/do-or-pay-ac3a9/locations/asia-northeast3/functions/onUserCreated"},"runtime":"nodejs20","maxInstances":3000,"ingressSettings":"ALLOW_ALL","buildId":"3555b1d8-e875-435d-879c-2a62f2c3742c","buildEnvironmentVariables":{"GOOGLE_NODE_RUN_SCRIPTS":""},"buildName":"projects/856128983927/locations/asia-northeast3/builds/3555b1d8-e875-435d-879c-2a62f2c3742c","dockerRegistry":"ARTIFACT_REGISTRY","automaticUpdatePolicy":{},"buildServiceAccount":"projects/do-or-pay-ac3a9/serviceAccounts/856128983927-compute@developer.gserviceaccount.com","satisfiesPzs":true,"satisfiesPzi":true},{"name":"projects/do-or-pay-ac3a9/locations/us-central1/functions/checkHealth","httpsTrigger":{"url":"https://us-central1-do-or-pay-ac3a9.cloudfunctions.net/checkHealth","securityLevel":"SECURE_ALWAYS"},"status":"ACTIVE","entryPoint":"checkHealth","timeout":"60s","availableMemoryMb":256,"serviceAccountEmail":"do-or-pay-ac3a9@appspot.gserviceaccount.com","updateTime":"2026-04-06T07:38:57.272712037Z","versionId":"1","labels":{"deployment-tool":"cli-firebase","firebase-functions-hash":"666d9399aa7ddbf633049627724c4635d237a202"},"sourceUploadUrl":"https://storage.googleapis.com/uploads-423063652390.us-central1.cloudfunctions.appspot.com/78059721-db84-47bc-8fe3-242b52ab877e.zip","environmentVariables":{"FIREBASE_CONFIG":"{\"projectId\":\"do-or-pay-ac3a9\",\"storageBucket\":\"do-or-pay-ac3a9.firebasestorage.app\"}","GCLOUD_PROJECT":"do-or-pay-ac3a9","EVENTARC_CLOUD_EVENT_SOURCE":"projects/do-or-pay-ac3a9/locations/us-central1/functions/checkHealth"},"runtime":"nodejs20","ingressSettings":"ALLOW_ALL","buildId":"908776d2-afa5-436e-9deb-9b304cb6f330","buildEnvironmentVariables":{"GOOGLE_NODE_RUN_SCRIPTS":""},"buildName":"projects/856128983927/locations/us-central1/builds/908776d2-afa5-436e-9deb-9b304cb6f330","dockerRegistry":"ARTIFACT_REGISTRY","automaticUpdatePolicy":{},"buildServiceAccount":"projects/do-or-pay-ac3a9/serviceAccounts/856128983927-compute@developer.gserviceaccount.com","satisfiesPzi":true}]}
[debug] [2026-04-13T03:38:40.962Z] Checked if tokens are valid: true, expires at: 1776054939450
[debug] [2026-04-13T03:38:40.963Z] Checked if tokens are valid: true, expires at: 1776054939450
[debug] [2026-04-13T03:38:40.963Z] >>> [apiv2][query] GET https://cloudfunctions.googleapis.com/v2/projects/do-or-pay-ac3a9/locations/-/functions filter=environment%3D%22GEN_2%22
[debug] [2026-04-13T03:38:42.532Z] <<< [apiv2][status] GET https://cloudfunctions.googleapis.com/v2/projects/do-or-pay-ac3a9/locations/-/functions 200
[debug] [2026-04-13T03:38:42.533Z] <<< [apiv2][body] GET https://cloudfunctions.googleapis.com/v2/projects/do-or-pay-ac3a9/locations/-/functions {"functions":[{"name":"projects/do-or-pay-ac3a9/locations/us-central1/functions/checkDuplicate","buildConfig":{"build":"projects/856128983927/locations/us-central1/builds/a184c98f-88a3-468b-820a-c45e2de53bec","runtime":"nodejs24","entryPoint":"checkDuplicate","source":{"storageSource":{"bucket":"gcf-v2-sources-856128983927-us-central1","object":"checkDuplicate/function-source.zip","generation":"1776049857667947"}},"environmentVariables":{"GOOGLE_NODE_RUN_SCRIPTS":""},"dockerRepository":"projects/do-or-pay-ac3a9/locations/us-central1/repositories/gcf-artifacts","sourceProvenance":{"resolvedStorageSource":{"bucket":"gcf-v2-sources-856128983927-us-central1","object":"checkDuplicate/function-source.zip","generation":"1776049857667947"}},"dockerRegistry":"ARTIFACT_REGISTRY","serviceAccount":"projects/do-or-pay-ac3a9/serviceAccounts/856128983927-compute@developer.gserviceaccount.com","automaticUpdatePolicy":{}},"serviceConfig":{"service":"projects/do-or-pay-ac3a9/locations/us-central1/services/checkduplicate","timeoutSeconds":60,"environmentVariables":{"FIREBASE_CONFIG":"{\"projectId\":\"do-or-pay-ac3a9\",\"storageBucket\":\"do-or-pay-ac3a9.firebasestorage.app\"}","GCLOUD_PROJECT":"do-or-pay-ac3a9","EVENTARC_CLOUD_EVENT_SOURCE":"projects/do-or-pay-ac3a9/locations/us-central1/services/checkDuplicate","FUNCTION_TARGET":"checkDuplicate","LOG_EXECUTION_ID":"true"},"ingressSettings":"ALLOW_ALL","uri":"https://checkduplicate-rxn4nyqhzq-uc.a.run.app","serviceAccountEmail":"856128983927-compute@developer.gserviceaccount.com","availableMemory":"256Mi","allTrafficOnLatestRevision":true,"revision":"checkduplicate-00001-fus","maxInstanceRequestConcurrency":80,"availableCpu":"1"},"state":"ACTIVE","updateTime":"2026-04-13T03:12:08.312388451Z","labels":{"deployment-tool":"cli-firebase","deployment-callable":"true","firebase-functions-hash":"740a570bb523dd322b30ceb5430e45145d562438"},"environment":"GEN_2","url":"https://us-central1-do-or-pay-ac3a9.cloudfunctions.net/checkDuplicate","createTime":"2026-04-13T03:10:59.147629134Z","satisfiesPzi":true}]}
[debug] [2026-04-13T03:38:42.548Z] Checked if tokens are valid: true, expires at: 1776054939450
[debug] [2026-04-13T03:38:42.548Z] Checked if tokens are valid: true, expires at: 1776054939450
[debug] [2026-04-13T03:38:42.548Z] >>> [apiv2][query] GET https://cloudresourcemanager.googleapis.com/v1/projects/do-or-pay-ac3a9 [none]
[debug] [2026-04-13T03:38:42.871Z] <<< [apiv2][status] GET https://cloudresourcemanager.googleapis.com/v1/projects/do-or-pay-ac3a9 200
[debug] [2026-04-13T03:38:42.872Z] <<< [apiv2][body] GET https://cloudresourcemanager.googleapis.com/v1/projects/do-or-pay-ac3a9 {"projectNumber":"856128983927","projectId":"do-or-pay-ac3a9","lifecycleState":"ACTIVE","name":"Do Or Pay","labels":{"firebase":"enabled","firebase-core":"disabled"},"createTime":"2026-03-16T06:19:37.721495Z"}
[debug] [2026-04-13T03:38:42.876Z] Checked if tokens are valid: true, expires at: 1776054939450
[debug] [2026-04-13T03:38:42.876Z] Checked if tokens are valid: true, expires at: 1776054939450
[debug] [2026-04-13T03:38:42.877Z] >>> [apiv2][query] GET https://cloudbilling.googleapis.com/v1/projects/do-or-pay-ac3a9/billingInfo [none]
[debug] [2026-04-13T03:38:43.509Z] <<< [apiv2][status] GET https://cloudbilling.googleapis.com/v1/projects/do-or-pay-ac3a9/billingInfo 200
[debug] [2026-04-13T03:38:43.510Z] <<< [apiv2][body] GET https://cloudbilling.googleapis.com/v1/projects/do-or-pay-ac3a9/billingInfo {"name":"projects/do-or-pay-ac3a9/billingInfo","projectId":"do-or-pay-ac3a9","billingAccountName":"billingAccounts/01EF42-DE0953-BDBB77","billingEnabled":true}
[debug] [2026-04-13T03:38:43.515Z] Checked if tokens are valid: true, expires at: 1776054939450
[debug] [2026-04-13T03:38:43.515Z] Checked if tokens are valid: true, expires at: 1776054939450
[debug] [2026-04-13T03:38:43.516Z] >>> [apiv2][query] POST https://cloudfunctions.googleapis.com/v1/projects/do-or-pay-ac3a9/locations/asia-northeast3/functions:generateUploadUrl [none]
[debug] [2026-04-13T03:38:43.517Z] >>> [apiv2][body] POST https://cloudfunctions.googleapis.com/v1/projects/do-or-pay-ac3a9/locations/asia-northeast3/functions:generateUploadUrl {}
[debug] [2026-04-13T03:38:44.897Z] <<< [apiv2][status] POST https://cloudfunctions.googleapis.com/v1/projects/do-or-pay-ac3a9/locations/asia-northeast3/functions:generateUploadUrl 200
[debug] [2026-04-13T03:38:44.898Z] <<< [apiv2][body] POST https://cloudfunctions.googleapis.com/v1/projects/do-or-pay-ac3a9/locations/asia-northeast3/functions:generateUploadUrl {"uploadUrl":"https://storage.googleapis.com/uploads-718776028321.asia-northeast3.cloudfunctions.appspot.com/f3bf9b95-cacc-49f1-a3ff-8e017ad1ecf8.zip?GoogleAccessId=service-856128983927@gcf-admin-robot.iam.gserviceaccount.com&Expires=1776053324&Signature=jrnhHOnACQCuF%2F8HekLL2MoWFkSSGXRGp8h07G5av3%2FUma8ozcC489YFsg2DBPH%2Bi6WYoNn2GVzwrE7KcLyR7loqg3PBllnRvLCNj%2FCQjzUTzQt9Q8vpoU4wu6V9XDxYY%2BghvH5xki6Z3A%2BVlnJJqW0waWV9PEVgfPPYJ%2BR%2FEg1ap6TrNRk9T8DHYQysukdfku2CaMc7dE3Xc0jmpw3yS1hl4k%2FWZ1vYdZjSXF5lxZ148FjDmH5oG7N2M9EV%2BLSOEs3vgiR91ssitVuU6m2D6d9RXtlXsvHH1sHMJkBM7ssCIoiUtGJCxIornhu6yrwLKbicHSjaqiJp%2FxzbsHZGlQ%3D%3D"}
[debug] [2026-04-13T03:38:44.900Z] >>> [apiv2][query] PUT https://storage.googleapis.com/uploads-718776028321.asia-northeast3.cloudfunctions.appspot.com/f3bf9b95-cacc-49f1-a3ff-8e017ad1ecf8.zip GoogleAccessId=service-856128983927%40gcf-admin-robot.iam.gserviceaccount.com&Expires=1776053324&Signature=jrnhHOnACQCuF%2F8HekLL2MoWFkSSGXRGp8h07G5av3%2FUma8ozcC489YFsg2DBPH%2Bi6WYoNn2GVzwrE7KcLyR7loqg3PBllnRvLCNj%2FCQjzUTzQt9Q8vpoU4wu6V9XDxYY%2BghvH5xki6Z3A%2BVlnJJqW0waWV9PEVgfPPYJ%2BR%2FEg1ap6TrNRk9T8DHYQysukdfku2CaMc7dE3Xc0jmpw3yS1hl4k%2FWZ1vYdZjSXF5lxZ148FjDmH5oG7N2M9EV%2BLSOEs3vgiR91ssitVuU6m2D6d9RXtlXsvHH1sHMJkBM7ssCIoiUtGJCxIornhu6yrwLKbicHSjaqiJp%2FxzbsHZGlQ%3D%3D
[debug] [2026-04-13T03:38:44.900Z] >>> [apiv2][body] PUT https://storage.googleapis.com/uploads-718776028321.asia-northeast3.cloudfunctions.appspot.com/f3bf9b95-cacc-49f1-a3ff-8e017ad1ecf8.zip [stream]
[debug] [2026-04-13T03:38:45.118Z] <<< [apiv2][status] PUT https://storage.googleapis.com/uploads-718776028321.asia-northeast3.cloudfunctions.appspot.com/f3bf9b95-cacc-49f1-a3ff-8e017ad1ecf8.zip 200
[debug] [2026-04-13T03:38:45.119Z] <<< [apiv2][body] PUT https://storage.googleapis.com/uploads-718776028321.asia-northeast3.cloudfunctions.appspot.com/f3bf9b95-cacc-49f1-a3ff-8e017ad1ecf8.zip [omitted]
[info] +  functions: functions source uploaded successfully 
[info] 
The following functions are found in your project but do not exist in your local source code:
	checkDuplicate(us-central1)
	createGoal(asia-northeast3)
	onUserCreated(asia-northeast3)
	updateUserProfile(asia-northeast3)
	checkHealth(us-central1)

If you are renaming a function or changing its region, it is recommended that you create the new function first before deleting the old one to prevent event loss. For more info, visit https://firebase.google.com/docs/functions/manage-functions#modify

[info] i  functions: creating Node.js 20 (1st Gen) function checkDuplicate(asia-northeast3)... 
[debug] [2026-04-13T03:38:54.261Z] Checked if tokens are valid: true, expires at: 1776054939450
[debug] [2026-04-13T03:38:54.261Z] Checked if tokens are valid: true, expires at: 1776054939450
[debug] [2026-04-13T03:38:54.261Z] >>> [apiv2][query] POST https://cloudfunctions.googleapis.com/v1/projects/do-or-pay-ac3a9/locations/asia-northeast3/functions [none]
[debug] [2026-04-13T03:38:54.261Z] >>> [apiv2][body] POST https://cloudfunctions.googleapis.com/v1/projects/do-or-pay-ac3a9/locations/asia-northeast3/functions {"name":"projects/do-or-pay-ac3a9/locations/asia-northeast3/functions/checkDuplicate","sourceUploadUrl":"https://storage.googleapis.com/uploads-718776028321.asia-northeast3.cloudfunctions.appspot.com/f3bf9b95-cacc-49f1-a3ff-8e017ad1ecf8.zip?GoogleAccessId=service-856128983927@gcf-admin-robot.iam.gserviceaccount.com&Expires=1776053324&Signature=jrnhHOnACQCuF%2F8HekLL2MoWFkSSGXRGp8h07G5av3%2FUma8ozcC489YFsg2DBPH%2Bi6WYoNn2GVzwrE7KcLyR7loqg3PBllnRvLCNj%2FCQjzUTzQt9Q8vpoU4wu6V9XDxYY%2BghvH5xki6Z3A%2BVlnJJqW0waWV9PEVgfPPYJ%2BR%2FEg1ap6TrNRk9T8DHYQysukdfku2CaMc7dE3Xc0jmpw3yS1hl4k%2FWZ1vYdZjSXF5lxZ148FjDmH5oG7N2M9EV%2BLSOEs3vgiR91ssitVuU6m2D6d9RXtlXsvHH1sHMJkBM7ssCIoiUtGJCxIornhu6yrwLKbicHSjaqiJp%2FxzbsHZGlQ%3D%3D","entryPoint":"checkDuplicate","runtime":"nodejs20","dockerRegistry":"ARTIFACT_REGISTRY","labels":{"deployment-tool":"cli-firebase","deployment-callable":"true","firebase-functions-hash":"b1b49790626dc9c56233c704a806f43ea2ab5045"},"httpsTrigger":{"securityLevel":"SECURE_ALWAYS"},"minInstances":null,"maxInstances":null,"ingressSettings":null,"environmentVariables":{"FIREBASE_CONFIG":"{\"projectId\":\"do-or-pay-ac3a9\",\"storageBucket\":\"do-or-pay-ac3a9.firebasestorage.app\"}","GCLOUD_PROJECT":"do-or-pay-ac3a9","EVENTARC_CLOUD_EVENT_SOURCE":"projects/do-or-pay-ac3a9/locations/asia-northeast3/functions/checkDuplicate"},"serviceAccountEmail":null,"availableMemoryMb":null,"timeout":null,"vpcConnector":null,"vpcConnectorEgressSettings":null,"buildEnvironmentVariables":{"GOOGLE_NODE_RUN_SCRIPTS":""}}
[debug] [2026-04-13T03:38:55.256Z] <<< [apiv2][status] POST https://cloudfunctions.googleapis.com/v1/projects/do-or-pay-ac3a9/locations/asia-northeast3/functions 200
[debug] [2026-04-13T03:38:55.256Z] <<< [apiv2][body] POST https://cloudfunctions.googleapis.com/v1/projects/do-or-pay-ac3a9/locations/asia-northeast3/functions {"name":"operations/cHJvamVjdHMvZG8tb3ItcGF5LWFjM2E5L2xvY2F0aW9ucy9hc2lhLW5vcnRoZWFzdDMvb3BlcmF0aW9ucy9vcGVyYXRpb24tMTc3NjA1MTUzNDE1MS02NGY0ZjM4Y2JjMDUzLTc0Yzg1NzNlLTdhMDkzNmNk","metadata":{"@type":"type.googleapis.com/google.cloud.functions.v1.OperationMetadataV1","target":"projects/do-or-pay-ac3a9/locations/asia-northeast3/functions/checkDuplicate","updateTime":"2026-04-13T03:38:54.650224317Z"}}
[debug] [2026-04-13T03:38:55.259Z] Checked if tokens are valid: true, expires at: 1776054939450
[debug] [2026-04-13T03:38:55.259Z] Checked if tokens are valid: true, expires at: 1776054939450
[debug] [2026-04-13T03:38:55.260Z] >>> [apiv2][query] GET https://cloudfunctions.googleapis.com/v1/operations/cHJvamVjdHMvZG8tb3ItcGF5LWFjM2E5L2xvY2F0aW9ucy9hc2lhLW5vcnRoZWFzdDMvb3BlcmF0aW9ucy9vcGVyYXRpb24tMTc3NjA1MTUzNDE1MS02NGY0ZjM4Y2JjMDUzLTc0Yzg1NzNlLTdhMDkzNmNk [none]
[debug] [2026-04-13T03:38:55.632Z] <<< [apiv2][status] GET https://cloudfunctions.googleapis.com/v1/operations/cHJvamVjdHMvZG8tb3ItcGF5LWFjM2E5L2xvY2F0aW9ucy9hc2lhLW5vcnRoZWFzdDMvb3BlcmF0aW9ucy9vcGVyYXRpb24tMTc3NjA1MTUzNDE1MS02NGY0ZjM4Y2JjMDUzLTc0Yzg1NzNlLTdhMDkzNmNk 200
[debug] [2026-04-13T03:38:55.632Z] <<< [apiv2][body] GET https://cloudfunctions.googleapis.com/v1/operations/cHJvamVjdHMvZG8tb3ItcGF5LWFjM2E5L2xvY2F0aW9ucy9hc2lhLW5vcnRoZWFzdDMvb3BlcmF0aW9ucy9vcGVyYXRpb24tMTc3NjA1MTUzNDE1MS02NGY0ZjM4Y2JjMDUzLTc0Yzg1NzNlLTdhMDkzNmNk {"name":"operations/cHJvamVjdHMvZG8tb3ItcGF5LWFjM2E5L2xvY2F0aW9ucy9hc2lhLW5vcnRoZWFzdDMvb3BlcmF0aW9ucy9vcGVyYXRpb24tMTc3NjA1MTUzNDE1MS02NGY0ZjM4Y2JjMDUzLTc0Yzg1NzNlLTdhMDkzNmNk","metadata":{"@type":"type.googleapis.com/google.cloud.functions.v1.OperationMetadataV1","target":"projects/do-or-pay-ac3a9/locations/asia-northeast3/functions/checkDuplicate","updateTime":"2026-04-13T03:38:54.650224317Z"}}
[debug] [2026-04-13T03:38:56.150Z] [create-default-asia-northeast3-checkDuplicate] Retrying task index 0
[debug] [2026-04-13T03:38:56.151Z] Checked if tokens are valid: true, expires at: 1776054939450
[debug] [2026-04-13T03:38:56.151Z] Checked if tokens are valid: true, expires at: 1776054939450
[debug] [2026-04-13T03:38:56.151Z] >>> [apiv2][query] GET https://cloudfunctions.googleapis.com/v1/operations/cHJvamVjdHMvZG8tb3ItcGF5LWFjM2E5L2xvY2F0aW9ucy9hc2lhLW5vcnRoZWFzdDMvb3BlcmF0aW9ucy9vcGVyYXRpb24tMTc3NjA1MTUzNDE1MS02NGY0ZjM4Y2JjMDUzLTc0Yzg1NzNlLTdhMDkzNmNk [none]
[debug] [2026-04-13T03:38:56.520Z] <<< [apiv2][status] GET https://cloudfunctions.googleapis.com/v1/operations/cHJvamVjdHMvZG8tb3ItcGF5LWFjM2E5L2xvY2F0aW9ucy9hc2lhLW5vcnRoZWFzdDMvb3BlcmF0aW9ucy9vcGVyYXRpb24tMTc3NjA1MTUzNDE1MS02NGY0ZjM4Y2JjMDUzLTc0Yzg1NzNlLTdhMDkzNmNk 200
[debug] [2026-04-13T03:38:56.521Z] <<< [apiv2][body] GET https://cloudfunctions.googleapis.com/v1/operations/cHJvamVjdHMvZG8tb3ItcGF5LWFjM2E5L2xvY2F0aW9ucy9hc2lhLW5vcnRoZWFzdDMvb3BlcmF0aW9ucy9vcGVyYXRpb24tMTc3NjA1MTUzNDE1MS02NGY0ZjM4Y2JjMDUzLTc0Yzg1NzNlLTdhMDkzNmNk {"name":"operations/cHJvamVjdHMvZG8tb3ItcGF5LWFjM2E5L2xvY2F0aW9ucy9hc2lhLW5vcnRoZWFzdDMvb3BlcmF0aW9ucy9vcGVyYXRpb24tMTc3NjA1MTUzNDE1MS02NGY0ZjM4Y2JjMDUzLTc0Yzg1NzNlLTdhMDkzNmNk","metadata":{"@type":"type.googleapis.com/google.cloud.functions.v1.OperationMetadataV1","target":"projects/do-or-pay-ac3a9/locations/asia-northeast3/functions/checkDuplicate","type":"CREATE_FUNCTION","request":{"@type":"type.googleapis.com/google.cloud.functions.v1.CloudFunction","name":"projects/do-or-pay-ac3a9/locations/asia-northeast3/functions/checkDuplicate","httpsTrigger":{"securityLevel":"SECURE_ALWAYS"},"entryPoint":"checkDuplicate","updateTime":"1970-01-01T00:00:00Z","labels":{"deployment-tool":"cli-firebase","deployment-callable":"true","firebase-functions-hash":"b1b49790626dc9c56233c704a806f43ea2ab5045"},"sourceUploadUrl":"https://storage.googleapis.com/uploads-718776028321.asia-northeast3.cloudfunctions.appspot.com/f3bf9b95-cacc-49f1-a3ff-8e017ad1ecf8.zip?GoogleAccessId=service-856128983927@gcf-admin-robot.iam.gserviceaccount.com&Expires=1776053324&Signature=jrnhHOnACQCuF%2F8HekLL2MoWFkSSGXRGp8h07G5av3%2FUma8ozcC489YFsg2DBPH%2Bi6WYoNn2GVzwrE7KcLyR7loqg3PBllnRvLCNj%2FCQjzUTzQt9Q8vpoU4wu6V9XDxYY%2BghvH5xki6Z3A%2BVlnJJqW0waWV9PEVgfPPYJ%2BR%2FEg1ap6TrNRk9T8DHYQysukdfku2CaMc7dE3Xc0jmpw3yS1hl4k%2FWZ1vYdZjSXF5lxZ148FjDmH5oG7N2M9EV%2BLSOEs3vgiR91ssitVuU6m2D6d9RXtlXsvHH1sHMJkBM7ssCIoiUtGJCxIornhu6yrwLKbicHSjaqiJp%2FxzbsHZGlQ%3D%3D","environmentVariables":{"FIREBASE_CONFIG":"{\"projectId\":\"do-or-pay-ac3a9\",\"storageBucket\":\"do-or-pay-ac3a9.firebasestorage.app\"}","GCLOUD_PROJECT":"do-or-pay-ac3a9","EVENTARC_CLOUD_EVENT_SOURCE":"projects/do-or-pay-ac3a9/locations/asia-northeast3/functions/checkDuplicate"},"runtime":"nodejs20","buildEnvironmentVariables":{"GOOGLE_NODE_RUN_SCRIPTS":""},"dockerRegistry":"ARTIFACT_REGISTRY"},"versionId":"1","updateTime":"2026-04-13T03:38:54.650224317Z"}}
[debug] [2026-04-13T03:38:57.527Z] [create-default-asia-northeast3-checkDuplicate] Retrying task index 0
[debug] [2026-04-13T03:38:57.528Z] Checked if tokens are valid: true, expires at: 1776054939450
[debug] [2026-04-13T03:38:57.528Z] Checked if tokens are valid: true, expires at: 1776054939450
[debug] [2026-04-13T03:38:57.529Z] >>> [apiv2][query] GET https://cloudfunctions.googleapis.com/v1/operations/cHJvamVjdHMvZG8tb3ItcGF5LWFjM2E5L2xvY2F0aW9ucy9hc2lhLW5vcnRoZWFzdDMvb3BlcmF0aW9ucy9vcGVyYXRpb24tMTc3NjA1MTUzNDE1MS02NGY0ZjM4Y2JjMDUzLTc0Yzg1NzNlLTdhMDkzNmNk [none]
[debug] [2026-04-13T03:38:57.719Z] <<< [apiv2][status] GET https://cloudfunctions.googleapis.com/v1/operations/cHJvamVjdHMvZG8tb3ItcGF5LWFjM2E5L2xvY2F0aW9ucy9hc2lhLW5vcnRoZWFzdDMvb3BlcmF0aW9ucy9vcGVyYXRpb24tMTc3NjA1MTUzNDE1MS02NGY0ZjM4Y2JjMDUzLTc0Yzg1NzNlLTdhMDkzNmNk 200
[debug] [2026-04-13T03:38:57.720Z] <<< [apiv2][body] GET https://cloudfunctions.googleapis.com/v1/operations/cHJvamVjdHMvZG8tb3ItcGF5LWFjM2E5L2xvY2F0aW9ucy9hc2lhLW5vcnRoZWFzdDMvb3BlcmF0aW9ucy9vcGVyYXRpb24tMTc3NjA1MTUzNDE1MS02NGY0ZjM4Y2JjMDUzLTc0Yzg1NzNlLTdhMDkzNmNk {"name":"operations/cHJvamVjdHMvZG8tb3ItcGF5LWFjM2E5L2xvY2F0aW9ucy9hc2lhLW5vcnRoZWFzdDMvb3BlcmF0aW9ucy9vcGVyYXRpb24tMTc3NjA1MTUzNDE1MS02NGY0ZjM4Y2JjMDUzLTc0Yzg1NzNlLTdhMDkzNmNk","metadata":{"@type":"type.googleapis.com/google.cloud.functions.v1.OperationMetadataV1","target":"projects/do-or-pay-ac3a9/locations/asia-northeast3/functions/checkDuplicate","type":"CREATE_FUNCTION","request":{"@type":"type.googleapis.com/google.cloud.functions.v1.CloudFunction","name":"projects/do-or-pay-ac3a9/locations/asia-northeast3/functions/checkDuplicate","httpsTrigger":{"securityLevel":"SECURE_ALWAYS"},"entryPoint":"checkDuplicate","updateTime":"1970-01-01T00:00:00Z","labels":{"deployment-tool":"cli-firebase","deployment-callable":"true","firebase-functions-hash":"b1b49790626dc9c56233c704a806f43ea2ab5045"},"sourceUploadUrl":"https://storage.googleapis.com/uploads-718776028321.asia-northeast3.cloudfunctions.appspot.com/f3bf9b95-cacc-49f1-a3ff-8e017ad1ecf8.zip?GoogleAccessId=service-856128983927@gcf-admin-robot.iam.gserviceaccount.com&Expires=1776053324&Signature=jrnhHOnACQCuF%2F8HekLL2MoWFkSSGXRGp8h07G5av3%2FUma8ozcC489YFsg2DBPH%2Bi6WYoNn2GVzwrE7KcLyR7loqg3PBllnRvLCNj%2FCQjzUTzQt9Q8vpoU4wu6V9XDxYY%2BghvH5xki6Z3A%2BVlnJJqW0waWV9PEVgfPPYJ%2BR%2FEg1ap6TrNRk9T8DHYQysukdfku2CaMc7dE3Xc0jmpw3yS1hl4k%2FWZ1vYdZjSXF5lxZ148FjDmH5oG7N2M9EV%2BLSOEs3vgiR91ssitVuU6m2D6d9RXtlXsvHH1sHMJkBM7ssCIoiUtGJCxIornhu6yrwLKbicHSjaqiJp%2FxzbsHZGlQ%3D%3D","environmentVariables":{"FIREBASE_CONFIG":"{\"projectId\":\"do-or-pay-ac3a9\",\"storageBucket\":\"do-or-pay-ac3a9.firebasestorage.app\"}","GCLOUD_PROJECT":"do-or-pay-ac3a9","EVENTARC_CLOUD_EVENT_SOURCE":"projects/do-or-pay-ac3a9/locations/asia-northeast3/functions/checkDuplicate"},"runtime":"nodejs20","buildEnvironmentVariables":{"GOOGLE_NODE_RUN_SCRIPTS":""},"dockerRegistry":"ARTIFACT_REGISTRY"},"versionId":"1","updateTime":"2026-04-13T03:38:54.650224317Z"}}
[debug] [2026-04-13T03:38:59.732Z] [create-default-asia-northeast3-checkDuplicate] Retrying task index 0
[debug] [2026-04-13T03:38:59.733Z] Checked if tokens are valid: true, expires at: 1776054939450
[debug] [2026-04-13T03:38:59.733Z] Checked if tokens are valid: true, expires at: 1776054939450
[debug] [2026-04-13T03:38:59.733Z] >>> [apiv2][query] GET https://cloudfunctions.googleapis.com/v1/operations/cHJvamVjdHMvZG8tb3ItcGF5LWFjM2E5L2xvY2F0aW9ucy9hc2lhLW5vcnRoZWFzdDMvb3BlcmF0aW9ucy9vcGVyYXRpb24tMTc3NjA1MTUzNDE1MS02NGY0ZjM4Y2JjMDUzLTc0Yzg1NzNlLTdhMDkzNmNk [none]
[debug] [2026-04-13T03:38:59.896Z] <<< [apiv2][status] GET https://cloudfunctions.googleapis.com/v1/operations/cHJvamVjdHMvZG8tb3ItcGF5LWFjM2E5L2xvY2F0aW9ucy9hc2lhLW5vcnRoZWFzdDMvb3BlcmF0aW9ucy9vcGVyYXRpb24tMTc3NjA1MTUzNDE1MS02NGY0ZjM4Y2JjMDUzLTc0Yzg1NzNlLTdhMDkzNmNk 200
[debug] [2026-04-13T03:38:59.897Z] <<< [apiv2][body] GET https://cloudfunctions.googleapis.com/v1/operations/cHJvamVjdHMvZG8tb3ItcGF5LWFjM2E5L2xvY2F0aW9ucy9hc2lhLW5vcnRoZWFzdDMvb3BlcmF0aW9ucy9vcGVyYXRpb24tMTc3NjA1MTUzNDE1MS02NGY0ZjM4Y2JjMDUzLTc0Yzg1NzNlLTdhMDkzNmNk {"name":"operations/cHJvamVjdHMvZG8tb3ItcGF5LWFjM2E5L2xvY2F0aW9ucy9hc2lhLW5vcnRoZWFzdDMvb3BlcmF0aW9ucy9vcGVyYXRpb24tMTc3NjA1MTUzNDE1MS02NGY0ZjM4Y2JjMDUzLTc0Yzg1NzNlLTdhMDkzNmNk","metadata":{"@type":"type.googleapis.com/google.cloud.functions.v1.OperationMetadataV1","target":"projects/do-or-pay-ac3a9/locations/asia-northeast3/functions/checkDuplicate","type":"CREATE_FUNCTION","request":{"@type":"type.googleapis.com/google.cloud.functions.v1.CloudFunction","name":"projects/do-or-pay-ac3a9/locations/asia-northeast3/functions/checkDuplicate","httpsTrigger":{"securityLevel":"SECURE_ALWAYS"},"entryPoint":"checkDuplicate","updateTime":"1970-01-01T00:00:00Z","labels":{"deployment-tool":"cli-firebase","deployment-callable":"true","firebase-functions-hash":"b1b49790626dc9c56233c704a806f43ea2ab5045"},"sourceUploadUrl":"https://storage.googleapis.com/uploads-718776028321.asia-northeast3.cloudfunctions.appspot.com/f3bf9b95-cacc-49f1-a3ff-8e017ad1ecf8.zip?GoogleAccessId=service-856128983927@gcf-admin-robot.iam.gserviceaccount.com&Expires=1776053324&Signature=jrnhHOnACQCuF%2F8HekLL2MoWFkSSGXRGp8h07G5av3%2FUma8ozcC489YFsg2DBPH%2Bi6WYoNn2GVzwrE7KcLyR7loqg3PBllnRvLCNj%2FCQjzUTzQt9Q8vpoU4wu6V9XDxYY%2BghvH5xki6Z3A%2BVlnJJqW0waWV9PEVgfPPYJ%2BR%2FEg1ap6TrNRk9T8DHYQysukdfku2CaMc7dE3Xc0jmpw3yS1hl4k%2FWZ1vYdZjSXF5lxZ148FjDmH5oG7N2M9EV%2BLSOEs3vgiR91ssitVuU6m2D6d9RXtlXsvHH1sHMJkBM7ssCIoiUtGJCxIornhu6yrwLKbicHSjaqiJp%2FxzbsHZGlQ%3D%3D","environmentVariables":{"FIREBASE_CONFIG":"{\"projectId\":\"do-or-pay-ac3a9\",\"storageBucket\":\"do-or-pay-ac3a9.firebasestorage.app\"}","GCLOUD_PROJECT":"do-or-pay-ac3a9","EVENTARC_CLOUD_EVENT_SOURCE":"projects/do-or-pay-ac3a9/locations/asia-northeast3/functions/checkDuplicate"},"runtime":"nodejs20","buildEnvironmentVariables":{"GOOGLE_NODE_RUN_SCRIPTS":""},"dockerRegistry":"ARTIFACT_REGISTRY"},"versionId":"1","updateTime":"2026-04-13T03:38:54.650224317Z","buildId":"24817df1-2af7-4f76-83c5-c9d49d8efe68","buildName":"projects/856128983927/locations/asia-northeast3/builds/24817df1-2af7-4f76-83c5-c9d49d8efe68"}}
[debug] [2026-04-13T03:39:03.904Z] [create-default-asia-northeast3-checkDuplicate] Retrying task index 0
[debug] [2026-04-13T03:39:03.905Z] Checked if tokens are valid: true, expires at: 1776054939450
[debug] [2026-04-13T03:39:03.906Z] Checked if tokens are valid: true, expires at: 1776054939450
[debug] [2026-04-13T03:39:03.906Z] >>> [apiv2][query] GET https://cloudfunctions.googleapis.com/v1/operations/cHJvamVjdHMvZG8tb3ItcGF5LWFjM2E5L2xvY2F0aW9ucy9hc2lhLW5vcnRoZWFzdDMvb3BlcmF0aW9ucy9vcGVyYXRpb24tMTc3NjA1MTUzNDE1MS02NGY0ZjM4Y2JjMDUzLTc0Yzg1NzNlLTdhMDkzNmNk [none]
[debug] [2026-04-13T03:39:04.094Z] <<< [apiv2][status] GET https://cloudfunctions.googleapis.com/v1/operations/cHJvamVjdHMvZG8tb3ItcGF5LWFjM2E5L2xvY2F0aW9ucy9hc2lhLW5vcnRoZWFzdDMvb3BlcmF0aW9ucy9vcGVyYXRpb24tMTc3NjA1MTUzNDE1MS02NGY0ZjM4Y2JjMDUzLTc0Yzg1NzNlLTdhMDkzNmNk 200
[debug] [2026-04-13T03:39:04.095Z] <<< [apiv2][body] GET https://cloudfunctions.googleapis.com/v1/operations/cHJvamVjdHMvZG8tb3ItcGF5LWFjM2E5L2xvY2F0aW9ucy9hc2lhLW5vcnRoZWFzdDMvb3BlcmF0aW9ucy9vcGVyYXRpb24tMTc3NjA1MTUzNDE1MS02NGY0ZjM4Y2JjMDUzLTc0Yzg1NzNlLTdhMDkzNmNk {"name":"operations/cHJvamVjdHMvZG8tb3ItcGF5LWFjM2E5L2xvY2F0aW9ucy9hc2lhLW5vcnRoZWFzdDMvb3BlcmF0aW9ucy9vcGVyYXRpb24tMTc3NjA1MTUzNDE1MS02NGY0ZjM4Y2JjMDUzLTc0Yzg1NzNlLTdhMDkzNmNk","metadata":{"@type":"type.googleapis.com/google.cloud.functions.v1.OperationMetadataV1","target":"projects/do-or-pay-ac3a9/locations/asia-northeast3/functions/checkDuplicate","type":"CREATE_FUNCTION","request":{"@type":"type.googleapis.com/google.cloud.functions.v1.CloudFunction","name":"projects/do-or-pay-ac3a9/locations/asia-northeast3/functions/checkDuplicate","httpsTrigger":{"securityLevel":"SECURE_ALWAYS"},"entryPoint":"checkDuplicate","updateTime":"1970-01-01T00:00:00Z","labels":{"deployment-tool":"cli-firebase","deployment-callable":"true","firebase-functions-hash":"b1b49790626dc9c56233c704a806f43ea2ab5045"},"sourceUploadUrl":"https://storage.googleapis.com/uploads-718776028321.asia-northeast3.cloudfunctions.appspot.com/f3bf9b95-cacc-49f1-a3ff-8e017ad1ecf8.zip?GoogleAccessId=service-856128983927@gcf-admin-robot.iam.gserviceaccount.com&Expires=1776053324&Signature=jrnhHOnACQCuF%2F8HekLL2MoWFkSSGXRGp8h07G5av3%2FUma8ozcC489YFsg2DBPH%2Bi6WYoNn2GVzwrE7KcLyR7loqg3PBllnRvLCNj%2FCQjzUTzQt9Q8vpoU4wu6V9XDxYY%2BghvH5xki6Z3A%2BVlnJJqW0waWV9PEVgfPPYJ%2BR%2FEg1ap6TrNRk9T8DHYQysukdfku2CaMc7dE3Xc0jmpw3yS1hl4k%2FWZ1vYdZjSXF5lxZ148FjDmH5oG7N2M9EV%2BLSOEs3vgiR91ssitVuU6m2D6d9RXtlXsvHH1sHMJkBM7ssCIoiUtGJCxIornhu6yrwLKbicHSjaqiJp%2FxzbsHZGlQ%3D%3D","environmentVariables":{"FIREBASE_CONFIG":"{\"projectId\":\"do-or-pay-ac3a9\",\"storageBucket\":\"do-or-pay-ac3a9.firebasestorage.app\"}","GCLOUD_PROJECT":"do-or-pay-ac3a9","EVENTARC_CLOUD_EVENT_SOURCE":"projects/do-or-pay-ac3a9/locations/asia-northeast3/functions/checkDuplicate"},"runtime":"nodejs20","buildEnvironmentVariables":{"GOOGLE_NODE_RUN_SCRIPTS":""},"dockerRegistry":"ARTIFACT_REGISTRY"},"versionId":"1","updateTime":"2026-04-13T03:38:54.650224317Z","buildId":"24817df1-2af7-4f76-83c5-c9d49d8efe68","buildName":"projects/856128983927/locations/asia-northeast3/builds/24817df1-2af7-4f76-83c5-c9d49d8efe68"}}
[debug] [2026-04-13T03:39:12.108Z] [create-default-asia-northeast3-checkDuplicate] Retrying task index 0
[debug] [2026-04-13T03:39:12.109Z] Checked if tokens are valid: true, expires at: 1776054939450
[debug] [2026-04-13T03:39:12.109Z] Checked if tokens are valid: true, expires at: 1776054939450
[debug] [2026-04-13T03:39:12.110Z] >>> [apiv2][query] GET https://cloudfunctions.googleapis.com/v1/operations/cHJvamVjdHMvZG8tb3ItcGF5LWFjM2E5L2xvY2F0aW9ucy9hc2lhLW5vcnRoZWFzdDMvb3BlcmF0aW9ucy9vcGVyYXRpb24tMTc3NjA1MTUzNDE1MS02NGY0ZjM4Y2JjMDUzLTc0Yzg1NzNlLTdhMDkzNmNk [none]
[debug] [2026-04-13T03:39:12.563Z] <<< [apiv2][status] GET https://cloudfunctions.googleapis.com/v1/operations/cHJvamVjdHMvZG8tb3ItcGF5LWFjM2E5L2xvY2F0aW9ucy9hc2lhLW5vcnRoZWFzdDMvb3BlcmF0aW9ucy9vcGVyYXRpb24tMTc3NjA1MTUzNDE1MS02NGY0ZjM4Y2JjMDUzLTc0Yzg1NzNlLTdhMDkzNmNk 200
[debug] [2026-04-13T03:39:12.564Z] <<< [apiv2][body] GET https://cloudfunctions.googleapis.com/v1/operations/cHJvamVjdHMvZG8tb3ItcGF5LWFjM2E5L2xvY2F0aW9ucy9hc2lhLW5vcnRoZWFzdDMvb3BlcmF0aW9ucy9vcGVyYXRpb24tMTc3NjA1MTUzNDE1MS02NGY0ZjM4Y2JjMDUzLTc0Yzg1NzNlLTdhMDkzNmNk {"name":"operations/cHJvamVjdHMvZG8tb3ItcGF5LWFjM2E5L2xvY2F0aW9ucy9hc2lhLW5vcnRoZWFzdDMvb3BlcmF0aW9ucy9vcGVyYXRpb24tMTc3NjA1MTUzNDE1MS02NGY0ZjM4Y2JjMDUzLTc0Yzg1NzNlLTdhMDkzNmNk","metadata":{"@type":"type.googleapis.com/google.cloud.functions.v1.OperationMetadataV1","target":"projects/do-or-pay-ac3a9/locations/asia-northeast3/functions/checkDuplicate","type":"CREATE_FUNCTION","request":{"@type":"type.googleapis.com/google.cloud.functions.v1.CloudFunction","name":"projects/do-or-pay-ac3a9/locations/asia-northeast3/functions/checkDuplicate","httpsTrigger":{"securityLevel":"SECURE_ALWAYS"},"entryPoint":"checkDuplicate","updateTime":"1970-01-01T00:00:00Z","labels":{"deployment-tool":"cli-firebase","deployment-callable":"true","firebase-functions-hash":"b1b49790626dc9c56233c704a806f43ea2ab5045"},"sourceUploadUrl":"https://storage.googleapis.com/uploads-718776028321.asia-northeast3.cloudfunctions.appspot.com/f3bf9b95-cacc-49f1-a3ff-8e017ad1ecf8.zip?GoogleAccessId=service-856128983927@gcf-admin-robot.iam.gserviceaccount.com&Expires=1776053324&Signature=jrnhHOnACQCuF%2F8HekLL2MoWFkSSGXRGp8h07G5av3%2FUma8ozcC489YFsg2DBPH%2Bi6WYoNn2GVzwrE7KcLyR7loqg3PBllnRvLCNj%2FCQjzUTzQt9Q8vpoU4wu6V9XDxYY%2BghvH5xki6Z3A%2BVlnJJqW0waWV9PEVgfPPYJ%2BR%2FEg1ap6TrNRk9T8DHYQysukdfku2CaMc7dE3Xc0jmpw3yS1hl4k%2FWZ1vYdZjSXF5lxZ148FjDmH5oG7N2M9EV%2BLSOEs3vgiR91ssitVuU6m2D6d9RXtlXsvHH1sHMJkBM7ssCIoiUtGJCxIornhu6yrwLKbicHSjaqiJp%2FxzbsHZGlQ%3D%3D","environmentVariables":{"FIREBASE_CONFIG":"{\"projectId\":\"do-or-pay-ac3a9\",\"storageBucket\":\"do-or-pay-ac3a9.firebasestorage.app\"}","GCLOUD_PROJECT":"do-or-pay-ac3a9","EVENTARC_CLOUD_EVENT_SOURCE":"projects/do-or-pay-ac3a9/locations/asia-northeast3/functions/checkDuplicate"},"runtime":"nodejs20","buildEnvironmentVariables":{"GOOGLE_NODE_RUN_SCRIPTS":""},"dockerRegistry":"ARTIFACT_REGISTRY"},"versionId":"1","updateTime":"2026-04-13T03:38:54.650224317Z","buildId":"24817df1-2af7-4f76-83c5-c9d49d8efe68","buildName":"projects/856128983927/locations/asia-northeast3/builds/24817df1-2af7-4f76-83c5-c9d49d8efe68"}}
[debug] [2026-04-13T03:39:22.571Z] [create-default-asia-northeast3-checkDuplicate] Retrying task index 0
[debug] [2026-04-13T03:39:22.572Z] Checked if tokens are valid: true, expires at: 1776054939450
[debug] [2026-04-13T03:39:22.572Z] Checked if tokens are valid: true, expires at: 1776054939450
[debug] [2026-04-13T03:39:22.572Z] >>> [apiv2][query] GET https://cloudfunctions.googleapis.com/v1/operations/cHJvamVjdHMvZG8tb3ItcGF5LWFjM2E5L2xvY2F0aW9ucy9hc2lhLW5vcnRoZWFzdDMvb3BlcmF0aW9ucy9vcGVyYXRpb24tMTc3NjA1MTUzNDE1MS02NGY0ZjM4Y2JjMDUzLTc0Yzg1NzNlLTdhMDkzNmNk [none]
[debug] [2026-04-13T03:39:22.909Z] <<< [apiv2][status] GET https://cloudfunctions.googleapis.com/v1/operations/cHJvamVjdHMvZG8tb3ItcGF5LWFjM2E5L2xvY2F0aW9ucy9hc2lhLW5vcnRoZWFzdDMvb3BlcmF0aW9ucy9vcGVyYXRpb24tMTc3NjA1MTUzNDE1MS02NGY0ZjM4Y2JjMDUzLTc0Yzg1NzNlLTdhMDkzNmNk 200
[debug] [2026-04-13T03:39:22.909Z] <<< [apiv2][body] GET https://cloudfunctions.googleapis.com/v1/operations/cHJvamVjdHMvZG8tb3ItcGF5LWFjM2E5L2xvY2F0aW9ucy9hc2lhLW5vcnRoZWFzdDMvb3BlcmF0aW9ucy9vcGVyYXRpb24tMTc3NjA1MTUzNDE1MS02NGY0ZjM4Y2JjMDUzLTc0Yzg1NzNlLTdhMDkzNmNk {"name":"operations/cHJvamVjdHMvZG8tb3ItcGF5LWFjM2E5L2xvY2F0aW9ucy9hc2lhLW5vcnRoZWFzdDMvb3BlcmF0aW9ucy9vcGVyYXRpb24tMTc3NjA1MTUzNDE1MS02NGY0ZjM4Y2JjMDUzLTc0Yzg1NzNlLTdhMDkzNmNk","metadata":{"@type":"type.googleapis.com/google.cloud.functions.v1.OperationMetadataV1","target":"projects/do-or-pay-ac3a9/locations/asia-northeast3/functions/checkDuplicate","type":"CREATE_FUNCTION","request":{"@type":"type.googleapis.com/google.cloud.functions.v1.CloudFunction","name":"projects/do-or-pay-ac3a9/locations/asia-northeast3/functions/checkDuplicate","httpsTrigger":{"securityLevel":"SECURE_ALWAYS"},"entryPoint":"checkDuplicate","updateTime":"1970-01-01T00:00:00Z","labels":{"deployment-tool":"cli-firebase","deployment-callable":"true","firebase-functions-hash":"b1b49790626dc9c56233c704a806f43ea2ab5045"},"sourceUploadUrl":"https://storage.googleapis.com/uploads-718776028321.asia-northeast3.cloudfunctions.appspot.com/f3bf9b95-cacc-49f1-a3ff-8e017ad1ecf8.zip?GoogleAccessId=service-856128983927@gcf-admin-robot.iam.gserviceaccount.com&Expires=1776053324&Signature=jrnhHOnACQCuF%2F8HekLL2MoWFkSSGXRGp8h07G5av3%2FUma8ozcC489YFsg2DBPH%2Bi6WYoNn2GVzwrE7KcLyR7loqg3PBllnRvLCNj%2FCQjzUTzQt9Q8vpoU4wu6V9XDxYY%2BghvH5xki6Z3A%2BVlnJJqW0waWV9PEVgfPPYJ%2BR%2FEg1ap6TrNRk9T8DHYQysukdfku2CaMc7dE3Xc0jmpw3yS1hl4k%2FWZ1vYdZjSXF5lxZ148FjDmH5oG7N2M9EV%2BLSOEs3vgiR91ssitVuU6m2D6d9RXtlXsvHH1sHMJkBM7ssCIoiUtGJCxIornhu6yrwLKbicHSjaqiJp%2FxzbsHZGlQ%3D%3D","environmentVariables":{"FIREBASE_CONFIG":"{\"projectId\":\"do-or-pay-ac3a9\",\"storageBucket\":\"do-or-pay-ac3a9.firebasestorage.app\"}","GCLOUD_PROJECT":"do-or-pay-ac3a9","EVENTARC_CLOUD_EVENT_SOURCE":"projects/do-or-pay-ac3a9/locations/asia-northeast3/functions/checkDuplicate"},"runtime":"nodejs20","buildEnvironmentVariables":{"GOOGLE_NODE_RUN_SCRIPTS":""},"dockerRegistry":"ARTIFACT_REGISTRY"},"versionId":"1","updateTime":"2026-04-13T03:38:54.650224317Z","buildId":"24817df1-2af7-4f76-83c5-c9d49d8efe68","buildName":"projects/856128983927/locations/asia-northeast3/builds/24817df1-2af7-4f76-83c5-c9d49d8efe68"}}
[debug] [2026-04-13T03:39:32.919Z] [create-default-asia-northeast3-checkDuplicate] Retrying task index 0
[debug] [2026-04-13T03:39:32.920Z] Checked if tokens are valid: true, expires at: 1776054939450
[debug] [2026-04-13T03:39:32.921Z] Checked if tokens are valid: true, expires at: 1776054939450
[debug] [2026-04-13T03:39:32.921Z] >>> [apiv2][query] GET https://cloudfunctions.googleapis.com/v1/operations/cHJvamVjdHMvZG8tb3ItcGF5LWFjM2E5L2xvY2F0aW9ucy9hc2lhLW5vcnRoZWFzdDMvb3BlcmF0aW9ucy9vcGVyYXRpb24tMTc3NjA1MTUzNDE1MS02NGY0ZjM4Y2JjMDUzLTc0Yzg1NzNlLTdhMDkzNmNk [none]
[debug] [2026-04-13T03:39:33.358Z] <<< [apiv2][status] GET https://cloudfunctions.googleapis.com/v1/operations/cHJvamVjdHMvZG8tb3ItcGF5LWFjM2E5L2xvY2F0aW9ucy9hc2lhLW5vcnRoZWFzdDMvb3BlcmF0aW9ucy9vcGVyYXRpb24tMTc3NjA1MTUzNDE1MS02NGY0ZjM4Y2JjMDUzLTc0Yzg1NzNlLTdhMDkzNmNk 200
[debug] [2026-04-13T03:39:33.358Z] <<< [apiv2][body] GET https://cloudfunctions.googleapis.com/v1/operations/cHJvamVjdHMvZG8tb3ItcGF5LWFjM2E5L2xvY2F0aW9ucy9hc2lhLW5vcnRoZWFzdDMvb3BlcmF0aW9ucy9vcGVyYXRpb24tMTc3NjA1MTUzNDE1MS02NGY0ZjM4Y2JjMDUzLTc0Yzg1NzNlLTdhMDkzNmNk {"name":"operations/cHJvamVjdHMvZG8tb3ItcGF5LWFjM2E5L2xvY2F0aW9ucy9hc2lhLW5vcnRoZWFzdDMvb3BlcmF0aW9ucy9vcGVyYXRpb24tMTc3NjA1MTUzNDE1MS02NGY0ZjM4Y2JjMDUzLTc0Yzg1NzNlLTdhMDkzNmNk","metadata":{"@type":"type.googleapis.com/google.cloud.functions.v1.OperationMetadataV1","target":"projects/do-or-pay-ac3a9/locations/asia-northeast3/functions/checkDuplicate","type":"CREATE_FUNCTION","request":{"@type":"type.googleapis.com/google.cloud.functions.v1.CloudFunction","name":"projects/do-or-pay-ac3a9/locations/asia-northeast3/functions/checkDuplicate","httpsTrigger":{"securityLevel":"SECURE_ALWAYS"},"entryPoint":"checkDuplicate","updateTime":"1970-01-01T00:00:00Z","labels":{"deployment-tool":"cli-firebase","deployment-callable":"true","firebase-functions-hash":"b1b49790626dc9c56233c704a806f43ea2ab5045"},"sourceUploadUrl":"https://storage.googleapis.com/uploads-718776028321.asia-northeast3.cloudfunctions.appspot.com/f3bf9b95-cacc-49f1-a3ff-8e017ad1ecf8.zip?GoogleAccessId=service-856128983927@gcf-admin-robot.iam.gserviceaccount.com&Expires=1776053324&Signature=jrnhHOnACQCuF%2F8HekLL2MoWFkSSGXRGp8h07G5av3%2FUma8ozcC489YFsg2DBPH%2Bi6WYoNn2GVzwrE7KcLyR7loqg3PBllnRvLCNj%2FCQjzUTzQt9Q8vpoU4wu6V9XDxYY%2BghvH5xki6Z3A%2BVlnJJqW0waWV9PEVgfPPYJ%2BR%2FEg1ap6TrNRk9T8DHYQysukdfku2CaMc7dE3Xc0jmpw3yS1hl4k%2FWZ1vYdZjSXF5lxZ148FjDmH5oG7N2M9EV%2BLSOEs3vgiR91ssitVuU6m2D6d9RXtlXsvHH1sHMJkBM7ssCIoiUtGJCxIornhu6yrwLKbicHSjaqiJp%2FxzbsHZGlQ%3D%3D","environmentVariables":{"FIREBASE_CONFIG":"{\"projectId\":\"do-or-pay-ac3a9\",\"storageBucket\":\"do-or-pay-ac3a9.firebasestorage.app\"}","GCLOUD_PROJECT":"do-or-pay-ac3a9","EVENTARC_CLOUD_EVENT_SOURCE":"projects/do-or-pay-ac3a9/locations/asia-northeast3/functions/checkDuplicate"},"runtime":"nodejs20","buildEnvironmentVariables":{"GOOGLE_NODE_RUN_SCRIPTS":""},"dockerRegistry":"ARTIFACT_REGISTRY"},"versionId":"1","updateTime":"2026-04-13T03:38:54.650224317Z","buildId":"24817df1-2af7-4f76-83c5-c9d49d8efe68","buildName":"projects/856128983927/locations/asia-northeast3/builds/24817df1-2af7-4f76-83c5-c9d49d8efe68"}}
[debug] [2026-04-13T03:39:43.363Z] [create-default-asia-northeast3-checkDuplicate] Retrying task index 0
[debug] [2026-04-13T03:39:43.364Z] Checked if tokens are valid: true, expires at: 1776054939450
[debug] [2026-04-13T03:39:43.364Z] Checked if tokens are valid: true, expires at: 1776054939450
[debug] [2026-04-13T03:39:43.365Z] >>> [apiv2][query] GET https://cloudfunctions.googleapis.com/v1/operations/cHJvamVjdHMvZG8tb3ItcGF5LWFjM2E5L2xvY2F0aW9ucy9hc2lhLW5vcnRoZWFzdDMvb3BlcmF0aW9ucy9vcGVyYXRpb24tMTc3NjA1MTUzNDE1MS02NGY0ZjM4Y2JjMDUzLTc0Yzg1NzNlLTdhMDkzNmNk [none]
[debug] [2026-04-13T03:39:43.769Z] <<< [apiv2][status] GET https://cloudfunctions.googleapis.com/v1/operations/cHJvamVjdHMvZG8tb3ItcGF5LWFjM2E5L2xvY2F0aW9ucy9hc2lhLW5vcnRoZWFzdDMvb3BlcmF0aW9ucy9vcGVyYXRpb24tMTc3NjA1MTUzNDE1MS02NGY0ZjM4Y2JjMDUzLTc0Yzg1NzNlLTdhMDkzNmNk 200
[debug] [2026-04-13T03:39:43.769Z] <<< [apiv2][body] GET https://cloudfunctions.googleapis.com/v1/operations/cHJvamVjdHMvZG8tb3ItcGF5LWFjM2E5L2xvY2F0aW9ucy9hc2lhLW5vcnRoZWFzdDMvb3BlcmF0aW9ucy9vcGVyYXRpb24tMTc3NjA1MTUzNDE1MS02NGY0ZjM4Y2JjMDUzLTc0Yzg1NzNlLTdhMDkzNmNk {"name":"operations/cHJvamVjdHMvZG8tb3ItcGF5LWFjM2E5L2xvY2F0aW9ucy9hc2lhLW5vcnRoZWFzdDMvb3BlcmF0aW9ucy9vcGVyYXRpb24tMTc3NjA1MTUzNDE1MS02NGY0ZjM4Y2JjMDUzLTc0Yzg1NzNlLTdhMDkzNmNk","metadata":{"@type":"type.googleapis.com/google.cloud.functions.v1.OperationMetadataV1","target":"projects/do-or-pay-ac3a9/locations/asia-northeast3/functions/checkDuplicate","type":"CREATE_FUNCTION","request":{"@type":"type.googleapis.com/google.cloud.functions.v1.CloudFunction","name":"projects/do-or-pay-ac3a9/locations/asia-northeast3/functions/checkDuplicate","httpsTrigger":{"securityLevel":"SECURE_ALWAYS"},"entryPoint":"checkDuplicate","updateTime":"1970-01-01T00:00:00Z","labels":{"deployment-tool":"cli-firebase","deployment-callable":"true","firebase-functions-hash":"b1b49790626dc9c56233c704a806f43ea2ab5045"},"sourceUploadUrl":"https://storage.googleapis.com/uploads-718776028321.asia-northeast3.cloudfunctions.appspot.com/f3bf9b95-cacc-49f1-a3ff-8e017ad1ecf8.zip?GoogleAccessId=service-856128983927@gcf-admin-robot.iam.gserviceaccount.com&Expires=1776053324&Signature=jrnhHOnACQCuF%2F8HekLL2MoWFkSSGXRGp8h07G5av3%2FUma8ozcC489YFsg2DBPH%2Bi6WYoNn2GVzwrE7KcLyR7loqg3PBllnRvLCNj%2FCQjzUTzQt9Q8vpoU4wu6V9XDxYY%2BghvH5xki6Z3A%2BVlnJJqW0waWV9PEVgfPPYJ%2BR%2FEg1ap6TrNRk9T8DHYQysukdfku2CaMc7dE3Xc0jmpw3yS1hl4k%2FWZ1vYdZjSXF5lxZ148FjDmH5oG7N2M9EV%2BLSOEs3vgiR91ssitVuU6m2D6d9RXtlXsvHH1sHMJkBM7ssCIoiUtGJCxIornhu6yrwLKbicHSjaqiJp%2FxzbsHZGlQ%3D%3D","environmentVariables":{"FIREBASE_CONFIG":"{\"projectId\":\"do-or-pay-ac3a9\",\"storageBucket\":\"do-or-pay-ac3a9.firebasestorage.app\"}","GCLOUD_PROJECT":"do-or-pay-ac3a9","EVENTARC_CLOUD_EVENT_SOURCE":"projects/do-or-pay-ac3a9/locations/asia-northeast3/functions/checkDuplicate"},"runtime":"nodejs20","buildEnvironmentVariables":{"GOOGLE_NODE_RUN_SCRIPTS":""},"dockerRegistry":"ARTIFACT_REGISTRY"},"versionId":"1","updateTime":"2026-04-13T03:38:54.650224317Z","buildId":"24817df1-2af7-4f76-83c5-c9d49d8efe68","buildName":"projects/856128983927/locations/asia-northeast3/builds/24817df1-2af7-4f76-83c5-c9d49d8efe68"}}
[debug] [2026-04-13T03:39:53.784Z] [create-default-asia-northeast3-checkDuplicate] Retrying task index 0
[debug] [2026-04-13T03:39:53.785Z] Checked if tokens are valid: true, expires at: 1776054939450
[debug] [2026-04-13T03:39:53.785Z] Checked if tokens are valid: true, expires at: 1776054939450
[debug] [2026-04-13T03:39:53.786Z] >>> [apiv2][query] GET https://cloudfunctions.googleapis.com/v1/operations/cHJvamVjdHMvZG8tb3ItcGF5LWFjM2E5L2xvY2F0aW9ucy9hc2lhLW5vcnRoZWFzdDMvb3BlcmF0aW9ucy9vcGVyYXRpb24tMTc3NjA1MTUzNDE1MS02NGY0ZjM4Y2JjMDUzLTc0Yzg1NzNlLTdhMDkzNmNk [none]
[debug] [2026-04-13T03:39:54.347Z] <<< [apiv2][status] GET https://cloudfunctions.googleapis.com/v1/operations/cHJvamVjdHMvZG8tb3ItcGF5LWFjM2E5L2xvY2F0aW9ucy9hc2lhLW5vcnRoZWFzdDMvb3BlcmF0aW9ucy9vcGVyYXRpb24tMTc3NjA1MTUzNDE1MS02NGY0ZjM4Y2JjMDUzLTc0Yzg1NzNlLTdhMDkzNmNk 200
[debug] [2026-04-13T03:39:54.347Z] <<< [apiv2][body] GET https://cloudfunctions.googleapis.com/v1/operations/cHJvamVjdHMvZG8tb3ItcGF5LWFjM2E5L2xvY2F0aW9ucy9hc2lhLW5vcnRoZWFzdDMvb3BlcmF0aW9ucy9vcGVyYXRpb24tMTc3NjA1MTUzNDE1MS02NGY0ZjM4Y2JjMDUzLTc0Yzg1NzNlLTdhMDkzNmNk {"name":"operations/cHJvamVjdHMvZG8tb3ItcGF5LWFjM2E5L2xvY2F0aW9ucy9hc2lhLW5vcnRoZWFzdDMvb3BlcmF0aW9ucy9vcGVyYXRpb24tMTc3NjA1MTUzNDE1MS02NGY0ZjM4Y2JjMDUzLTc0Yzg1NzNlLTdhMDkzNmNk","metadata":{"@type":"type.googleapis.com/google.cloud.functions.v1.OperationMetadataV1","target":"projects/do-or-pay-ac3a9/locations/asia-northeast3/functions/checkDuplicate","type":"CREATE_FUNCTION","request":{"@type":"type.googleapis.com/google.cloud.functions.v1.CloudFunction","name":"projects/do-or-pay-ac3a9/locations/asia-northeast3/functions/checkDuplicate","httpsTrigger":{"securityLevel":"SECURE_ALWAYS"},"entryPoint":"checkDuplicate","updateTime":"1970-01-01T00:00:00Z","labels":{"deployment-tool":"cli-firebase","deployment-callable":"true","firebase-functions-hash":"b1b49790626dc9c56233c704a806f43ea2ab5045"},"sourceUploadUrl":"https://storage.googleapis.com/uploads-718776028321.asia-northeast3.cloudfunctions.appspot.com/f3bf9b95-cacc-49f1-a3ff-8e017ad1ecf8.zip?GoogleAccessId=service-856128983927@gcf-admin-robot.iam.gserviceaccount.com&Expires=1776053324&Signature=jrnhHOnACQCuF%2F8HekLL2MoWFkSSGXRGp8h07G5av3%2FUma8ozcC489YFsg2DBPH%2Bi6WYoNn2GVzwrE7KcLyR7loqg3PBllnRvLCNj%2FCQjzUTzQt9Q8vpoU4wu6V9XDxYY%2BghvH5xki6Z3A%2BVlnJJqW0waWV9PEVgfPPYJ%2BR%2FEg1ap6TrNRk9T8DHYQysukdfku2CaMc7dE3Xc0jmpw3yS1hl4k%2FWZ1vYdZjSXF5lxZ148FjDmH5oG7N2M9EV%2BLSOEs3vgiR91ssitVuU6m2D6d9RXtlXsvHH1sHMJkBM7ssCIoiUtGJCxIornhu6yrwLKbicHSjaqiJp%2FxzbsHZGlQ%3D%3D","environmentVariables":{"FIREBASE_CONFIG":"{\"projectId\":\"do-or-pay-ac3a9\",\"storageBucket\":\"do-or-pay-ac3a9.firebasestorage.app\"}","GCLOUD_PROJECT":"do-or-pay-ac3a9","EVENTARC_CLOUD_EVENT_SOURCE":"projects/do-or-pay-ac3a9/locations/asia-northeast3/functions/checkDuplicate"},"runtime":"nodejs20","buildEnvironmentVariables":{"GOOGLE_NODE_RUN_SCRIPTS":""},"dockerRegistry":"ARTIFACT_REGISTRY"},"versionId":"1","updateTime":"2026-04-13T03:38:54.650224317Z","buildId":"24817df1-2af7-4f76-83c5-c9d49d8efe68","sourceToken":"6036f645-0f9c-4414-afbf-57654a2c353c","buildName":"projects/856128983927/locations/asia-northeast3/builds/24817df1-2af7-4f76-83c5-c9d49d8efe68"}}
[debug] [2026-04-13T03:39:54.348Z] Got source token 6036f645-0f9c-4414-afbf-57654a2c353c for region asia-northeast3
[debug] [2026-04-13T03:40:04.363Z] [create-default-asia-northeast3-checkDuplicate] Retrying task index 0
[debug] [2026-04-13T03:40:04.365Z] Checked if tokens are valid: true, expires at: 1776054939450
[debug] [2026-04-13T03:40:04.365Z] Checked if tokens are valid: true, expires at: 1776054939450
[debug] [2026-04-13T03:40:04.366Z] >>> [apiv2][query] GET https://cloudfunctions.googleapis.com/v1/operations/cHJvamVjdHMvZG8tb3ItcGF5LWFjM2E5L2xvY2F0aW9ucy9hc2lhLW5vcnRoZWFzdDMvb3BlcmF0aW9ucy9vcGVyYXRpb24tMTc3NjA1MTUzNDE1MS02NGY0ZjM4Y2JjMDUzLTc0Yzg1NzNlLTdhMDkzNmNk [none]
[debug] [2026-04-13T03:40:04.798Z] <<< [apiv2][status] GET https://cloudfunctions.googleapis.com/v1/operations/cHJvamVjdHMvZG8tb3ItcGF5LWFjM2E5L2xvY2F0aW9ucy9hc2lhLW5vcnRoZWFzdDMvb3BlcmF0aW9ucy9vcGVyYXRpb24tMTc3NjA1MTUzNDE1MS02NGY0ZjM4Y2JjMDUzLTc0Yzg1NzNlLTdhMDkzNmNk 200
[debug] [2026-04-13T03:40:04.799Z] <<< [apiv2][body] GET https://cloudfunctions.googleapis.com/v1/operations/cHJvamVjdHMvZG8tb3ItcGF5LWFjM2E5L2xvY2F0aW9ucy9hc2lhLW5vcnRoZWFzdDMvb3BlcmF0aW9ucy9vcGVyYXRpb24tMTc3NjA1MTUzNDE1MS02NGY0ZjM4Y2JjMDUzLTc0Yzg1NzNlLTdhMDkzNmNk {"name":"operations/cHJvamVjdHMvZG8tb3ItcGF5LWFjM2E5L2xvY2F0aW9ucy9hc2lhLW5vcnRoZWFzdDMvb3BlcmF0aW9ucy9vcGVyYXRpb24tMTc3NjA1MTUzNDE1MS02NGY0ZjM4Y2JjMDUzLTc0Yzg1NzNlLTdhMDkzNmNk","metadata":{"@type":"type.googleapis.com/google.cloud.functions.v1.OperationMetadataV1","target":"projects/do-or-pay-ac3a9/locations/asia-northeast3/functions/checkDuplicate","type":"CREATE_FUNCTION","request":{"@type":"type.googleapis.com/google.cloud.functions.v1.CloudFunction","name":"projects/do-or-pay-ac3a9/locations/asia-northeast3/functions/checkDuplicate","httpsTrigger":{"securityLevel":"SECURE_ALWAYS"},"entryPoint":"checkDuplicate","updateTime":"1970-01-01T00:00:00Z","labels":{"deployment-tool":"cli-firebase","deployment-callable":"true","firebase-functions-hash":"b1b49790626dc9c56233c704a806f43ea2ab5045"},"sourceUploadUrl":"https://storage.googleapis.com/uploads-718776028321.asia-northeast3.cloudfunctions.appspot.com/f3bf9b95-cacc-49f1-a3ff-8e017ad1ecf8.zip?GoogleAccessId=service-856128983927@gcf-admin-robot.iam.gserviceaccount.com&Expires=1776053324&Signature=jrnhHOnACQCuF%2F8HekLL2MoWFkSSGXRGp8h07G5av3%2FUma8ozcC489YFsg2DBPH%2Bi6WYoNn2GVzwrE7KcLyR7loqg3PBllnRvLCNj%2FCQjzUTzQt9Q8vpoU4wu6V9XDxYY%2BghvH5xki6Z3A%2BVlnJJqW0waWV9PEVgfPPYJ%2BR%2FEg1ap6TrNRk9T8DHYQysukdfku2CaMc7dE3Xc0jmpw3yS1hl4k%2FWZ1vYdZjSXF5lxZ148FjDmH5oG7N2M9EV%2BLSOEs3vgiR91ssitVuU6m2D6d9RXtlXsvHH1sHMJkBM7ssCIoiUtGJCxIornhu6yrwLKbicHSjaqiJp%2FxzbsHZGlQ%3D%3D","environmentVariables":{"FIREBASE_CONFIG":"{\"projectId\":\"do-or-pay-ac3a9\",\"storageBucket\":\"do-or-pay-ac3a9.firebasestorage.app\"}","GCLOUD_PROJECT":"do-or-pay-ac3a9","EVENTARC_CLOUD_EVENT_SOURCE":"projects/do-or-pay-ac3a9/locations/asia-northeast3/functions/checkDuplicate"},"runtime":"nodejs20","buildEnvironmentVariables":{"GOOGLE_NODE_RUN_SCRIPTS":""},"dockerRegistry":"ARTIFACT_REGISTRY"},"versionId":"1","updateTime":"2026-04-13T03:40:03.235725410Z","buildId":"24817df1-2af7-4f76-83c5-c9d49d8efe68","sourceToken":"6036f645-0f9c-4414-afbf-57654a2c353c","buildName":"projects/856128983927/locations/asia-northeast3/builds/24817df1-2af7-4f76-83c5-c9d49d8efe68"},"done":true,"response":{"@type":"type.googleapis.com/google.cloud.functions.v1.CloudFunction","name":"projects/do-or-pay-ac3a9/locations/asia-northeast3/functions/checkDuplicate","httpsTrigger":{"url":"https://asia-northeast3-do-or-pay-ac3a9.cloudfunctions.net/checkDuplicate","securityLevel":"SECURE_ALWAYS"},"status":"ACTIVE","entryPoint":"checkDuplicate","timeout":"60s","availableMemoryMb":256,"serviceAccountEmail":"do-or-pay-ac3a9@appspot.gserviceaccount.com","updateTime":"2026-04-13T03:38:54.646900706Z","versionId":"1","labels":{"firebase-functions-hash":"b1b49790626dc9c56233c704a806f43ea2ab5045","deployment-tool":"cli-firebase","deployment-callable":"true"},"sourceUploadUrl":"https://storage.googleapis.com/uploads-718776028321.asia-northeast3.cloudfunctions.appspot.com/f3bf9b95-cacc-49f1-a3ff-8e017ad1ecf8.zip","environmentVariables":{"FIREBASE_CONFIG":"{\"projectId\":\"do-or-pay-ac3a9\",\"storageBucket\":\"do-or-pay-ac3a9.firebasestorage.app\"}","GCLOUD_PROJECT":"do-or-pay-ac3a9","EVENTARC_CLOUD_EVENT_SOURCE":"projects/do-or-pay-ac3a9/locations/asia-northeast3/functions/checkDuplicate"},"runtime":"nodejs20","ingressSettings":"ALLOW_ALL","buildId":"24817df1-2af7-4f76-83c5-c9d49d8efe68","buildEnvironmentVariables":{"GOOGLE_NODE_RUN_SCRIPTS":""},"buildName":"projects/856128983927/locations/asia-northeast3/builds/24817df1-2af7-4f76-83c5-c9d49d8efe68","dockerRegistry":"ARTIFACT_REGISTRY","automaticUpdatePolicy":{},"buildServiceAccount":"projects/do-or-pay-ac3a9/serviceAccounts/856128983927-compute@developer.gserviceaccount.com","satisfiesPzs":true,"satisfiesPzi":true}}
[debug] [2026-04-13T03:40:04.799Z] Got source token 6036f645-0f9c-4414-afbf-57654a2c353c for region asia-northeast3
[debug] [2026-04-13T03:40:04.803Z] Checked if tokens are valid: true, expires at: 1776054939450
[debug] [2026-04-13T03:40:04.803Z] Checked if tokens are valid: true, expires at: 1776054939450
[debug] [2026-04-13T03:40:04.803Z] >>> [apiv2][query] POST https://cloudfunctions.googleapis.com/v1/projects/do-or-pay-ac3a9/locations/asia-northeast3/functions/checkDuplicate:setIamPolicy [none]
[debug] [2026-04-13T03:40:04.803Z] >>> [apiv2][body] POST https://cloudfunctions.googleapis.com/v1/projects/do-or-pay-ac3a9/locations/asia-northeast3/functions/checkDuplicate:setIamPolicy {"policy":{"bindings":[{"role":"roles/cloudfunctions.invoker","members":["allUsers"]}],"etag":"","version":3},"updateMask":"bindings,etag,version"}
[debug] [2026-04-13T03:40:05.170Z] <<< [apiv2][status] POST https://cloudfunctions.googleapis.com/v1/projects/do-or-pay-ac3a9/locations/asia-northeast3/functions/checkDuplicate:setIamPolicy 403
[debug] [2026-04-13T03:40:05.171Z] <<< [apiv2][body] POST https://cloudfunctions.googleapis.com/v1/projects/do-or-pay-ac3a9/locations/asia-northeast3/functions/checkDuplicate:setIamPolicy {"error":{"code":403,"message":"Permission 'cloudfunctions.functions.setIamPolicy' denied on resource 'projects/do-or-pay-ac3a9/locations/asia-northeast3/functions/checkDuplicate' (or resource may not exist).","status":"PERMISSION_DENIED"}}
[error] Failed to set the IAM Policy on the function projects/do-or-pay-ac3a9/locations/asia-northeast3/functions/checkDuplicate
[debug] [2026-04-13T03:40:05.195Z] Total Function Deployment time: 70915
[debug] [2026-04-13T03:40:05.196Z] 1 Functions Deployed
[debug] [2026-04-13T03:40:05.196Z] 1 Functions Errored
[debug] [2026-04-13T03:40:05.196Z] 0 Function Deployments Aborted
[debug] [2026-04-13T03:40:05.196Z] Average Function Deployment time: 70913
[info] 
[info] Functions deploy had errors with the following functions:
	checkDuplicate(asia-northeast3)
[info] 
[info] Unable to set the invoker for the IAM policy on the following functions:
	checkDuplicate(asia-northeast3)
[info] 
[info] Some common causes of this:
[info] 
[info] - You may not have the roles/functions.admin IAM role. Note that roles/functions.developer does not allow you to change IAM policies.
[info] 
[info] - An organization policy that restricts Network Access on your project.
[debug] [2026-04-13T03:40:05.578Z] Checked if tokens are valid: true, expires at: 1776054939450
[debug] [2026-04-13T03:40:05.579Z] Checked if tokens are valid: true, expires at: 1776054939450
[debug] [2026-04-13T03:40:05.580Z] >>> [apiv2][query] GET https://artifactregistry.googleapis.com/v1/projects/do-or-pay-ac3a9/locations/asia-northeast3/repositories/gcf-artifacts [none]
[debug] [2026-04-13T03:40:06.087Z] <<< [apiv2][status] GET https://artifactregistry.googleapis.com/v1/projects/do-or-pay-ac3a9/locations/asia-northeast3/repositories/gcf-artifacts 200
[debug] [2026-04-13T03:40:06.088Z] <<< [apiv2][body] GET https://artifactregistry.googleapis.com/v1/projects/do-or-pay-ac3a9/locations/asia-northeast3/repositories/gcf-artifacts {"name":"projects/do-or-pay-ac3a9/locations/asia-northeast3/repositories/gcf-artifacts","format":"DOCKER","description":"This repository is created and used by Cloud Functions for storing function docker images.","labels":{"goog-managed-by":"cloudfunctions"},"createTime":"2026-04-06T07:38:03.373338Z","updateTime":"2026-04-13T03:39:43.850789Z","mode":"STANDARD_REPOSITORY","cleanupPolicies":{"firebase-functions-cleanup":{"id":"firebase-functions-cleanup","action":"DELETE","condition":{"tagState":"ANY","olderThan":"86400s"}}},"sizeBytes":"518116230","satisfiesPzs":true,"vulnerabilityScanningConfig":{"lastEnableTime":"2026-04-06T07:38:01.086019993Z","enablementState":"SCANNING_DISABLED","enablementStateReason":"API containerscanning.googleapis.com is not enabled."},"satisfiesPzi":true,"registryUri":"asia-northeast3-docker.pkg.dev/do-or-pay-ac3a9/gcf-artifacts"}
[debug] [2026-04-13T03:40:06.088Z] Functions deploy failed.
[debug] [2026-04-13T03:40:06.089Z] {
  "endpoint": {
    "id": "checkDuplicate",
    "project": "do-or-pay-ac3a9",
    "region": "asia-northeast3",
    "entryPoint": "checkDuplicate",
    "platform": "gcfv1",
    "runtime": "nodejs20",
    "callableTrigger": {},
    "labels": {
      "deployment-tool": "cli-firebase"
    },
    "serviceAccount": null,
    "ingressSettings": null,
    "availableMemoryMb": null,
    "timeoutSeconds": null,
    "maxInstances": null,
    "minInstances": null,
    "vpc": null,
    "environmentVariables": {
      "FIREBASE_CONFIG": "{\"projectId\":\"do-or-pay-ac3a9\",\"storageBucket\":\"do-or-pay-ac3a9.firebasestorage.app\"}",
      "GCLOUD_PROJECT": "do-or-pay-ac3a9",
      "EVENTARC_CLOUD_EVENT_SOURCE": "projects/do-or-pay-ac3a9/locations/asia-northeast3/functions/checkDuplicate"
    },
    "codebase": "default",
    "targetedByOnly": false,
    "hash": "b1b49790626dc9c56233c704a806f43ea2ab5045",
    "uri": "https://asia-northeast3-do-or-pay-ac3a9.cloudfunctions.net/checkDuplicate"
  },
  "op": "set invoker",
  "original": {
    "name": "FirebaseError",
    "children": [],
    "exit": 1,
    "message": "Failed to set the IAM Policy on the function projects/do-or-pay-ac3a9/locations/asia-northeast3/functions/checkDuplicate",
    "original": {
      "name": "FirebaseError",
      "children": [],
      "context": {
        "body": {
          "error": {
            "code": 403,
            "message": "Permission 'cloudfunctions.functions.setIamPolicy' denied on resource 'projects/do-or-pay-ac3a9/locations/asia-northeast3/functions/checkDuplicate' (or resource may not exist).",
            "status": "PERMISSION_DENIED"
          }
        },
        "response": {
          "statusCode": 403
        }
      },
      "exit": 1,
      "message": "Request to https://cloudfunctions.googleapis.com/v1/projects/do-or-pay-ac3a9/locations/asia-northeast3/functions/checkDuplicate:setIamPolicy had HTTP Error: 403, Permission 'cloudfunctions.functions.setIamPolicy' denied on resource 'projects/do-or-pay-ac3a9/locations/asia-northeast3/functions/checkDuplicate' (or resource may not exist).",
      "status": 403
    },
    "status": 403,
    "code": 403
  }
}
[debug] [2026-04-13T03:40:06.187Z] Error: Failed to set invoker function checkDuplicate in region asia-northeast3
    at C:\Users\yuna lee\AppData\Roaming\npm\node_modules\firebase-tools\lib\deploy\functions\release\fabricator.js:54:11
    at process.processTicksAndRejections (node:internal/process/task_queues:104:5)
    at async Fabricator.createV1Function (C:\Users\yuna lee\AppData\Roaming\npm\node_modules\firebase-tools\lib\deploy\functions\release\fabricator.js:218:13)
    at async Fabricator.createEndpoint (C:\Users\yuna lee\AppData\Roaming\npm\node_modules\firebase-tools\lib\deploy\functions\release\fabricator.js:137:13)
    at async handle (C:\Users\yuna lee\AppData\Roaming\npm\node_modules\firebase-tools\lib\deploy\functions\release\fabricator.js:92:17)
[error] 
[error] Error: There was an error deploying functions
